# gnutls-cli --priority "${TLS_CIPHER_SUITE}" --list
tls1, _DEFAULT_=no protocols available|no cipher
tls1_1, _DEFAULT_=no protocols available|no cipher
tls1_2, _DEFAULT_=no cipher|SSL3 alert write:fatal:decode error
tls1_2, AES256-GCM-SHA384=
tls1_2, DHE-RSA-AES256-GCM-SHA384=
tls1_2, DHE-RSA-CHACHA20-POLY1305=
tls1_2, ECDHE-ECDSA-AES256-GCM-SHA384=
tls1_2, ECDHE-ECDSA-CHACHA20-POLY1305=
tls1_2, ECDHE-RSA-AES256-GCM-SHA384=
tls1_2, ECDHE-RSA-CHACHA20-POLY1305=
tls1_3, _DEFAULT_=no cipher
tls1_3, TLS_AES_128_GCM_SHA256=SSL3 alert write:fatal:decode error
tls1_3, TLS_AES_256_GCM_SHA384=
tls1_3, TLS_CHACHA20_POLY1305_SHA256=
