# https://testssl.sh/openssl-iana.mapping.html
# Allowed (TLS_DHE_RSA_WITH_AES_256_CCM) tls1_2, DHE-RSA-AES256-CCM=
# Allowed (TLS_DHE_RSA_WITH_AES_256_GCM_SHA384) tls1_2, DHE-RSA-AES256-GCM-SHA384=
# Allowed (TLS_ECDHE_ECDSA_WITH_AES_256_CCM) tls1_2, ECDHE-ECDSA-AES256-CCM=
# Allowed (TLS_ECDHE_RSA_WITH_AES_256_GCM_SHA384) tls1_2, ECDHE-RSA-AES256-GCM-SHA384=
# Allowed (TLS_ECDHE_RSA_WITH_CHACHA20_POLY1305_SHA256) tls1_2, ECDHE-RSA-CHACHA20-POLY1305=
# Allowed (TLS_RSA_WITH_AES_256_CCM) tls1_2, AES256-CCM=
# Allowed (TLS_RSA_WITH_AES_256_GCM_SHA384) tls1_2, AES256-GCM-SHA384=
# Note: tls1_2, AES256-SHA256 rejected due to AES-CBC
# Note: tls1_2, DHE-RSA-AES256-SHA256 rejected due to AES-CBC
# Note: tls1_2, ECDHE-ECDSA-AES256-GCM-SHA384 is not in GnuTLS SECURE256 group
# Note: tls1_2, ECDHE-ECDSA-AES256-SHA384 rejected due to AES-CBC
# Note: tls1_2, ECDHE-ECDSA-CAMMLLIA256-SHA384 rejected due to AES-CBC
# Note: tls1_2, ECDHE-RSA-AES256-SHA384 rejected due to AES-CBC
# Note: tls1_2, ECDHE-RSA-CAMMELLIA256-SHA384 rejected due to AES-CBC
# TODO: tls1_2, CAMELLIA256-SHA256 has no IANA name; is this valid ?!?
# TODO: tls1_2, DHE-RSA-CAMELLIA256-SHA256 has no IANA name; is this valid ?!?
tls1, _DEFAULT_=no protocols available
tls1, TLS_AES_128_GCM_SHA256=no cipher
tls1, TLS_AES_256_GCM_SHA384=no cipher
tls1, TLS_CHACHA20_POLY1305_SHA256=no cipher
tls1_1, _DEFAULT_=no protocols available
tls1_1, TLS_AES_128_GCM_SHA256=no cipher
tls1_1, TLS_AES_256_GCM_SHA384=no cipher
tls1_1, TLS_CHACHA20_POLY1305_SHA256=no cipher
tls1_2, ADH-AES128-GCM-SHA256=No ciphers enabled
tls1_2, ADH-AES128-SHA=No ciphers enabled
tls1_2, ADH-AES128-SHA256=No ciphers enabled
tls1_2, ADH-AES256-GCM-SHA384=No ciphers enabled
tls1_2, ADH-AES256-SHA=No ciphers enabled
tls1_2, ADH-AES256-SHA256=No ciphers enabled
tls1_2, ADH-CAMELLIA128-SHA=No ciphers enabled
tls1_2, ADH-CAMELLIA128-SHA256=No ciphers enabled
tls1_2, ADH-CAMELLIA256-SHA=No ciphers enabled
tls1_2, ADH-CAMELLIA256-SHA256=No ciphers enabled
tls1_2, ADH-DES-CBC3-SHA=No ciphers enabled
tls1_2, ADH-RC4-MD5=No ciphers enabled
tls1_2, ADH-SEED-SHA=No ciphers enabled
tls1_2, AECDH-AES128-SHA=No ciphers enabled
tls1_2, AECDH-AES256-SHA=No ciphers enabled
tls1_2, AECDH-DES-CBC3-SHA=No ciphers enabled
tls1_2, AECDH-NULL-SHA=No ciphers enabled
tls1_2, AECDH-RC4-SHA=No ciphers enabled
tls1_2, AES128-CCM=error in SSLv3/TLS
tls1_2, AES128-CCM8=error in SSLv3/TLS
tls1_2, AES128-GCM-SHA256=error in SSLv3/TLS
tls1_2, AES128-SHA=error in SSLv3/TLS
tls1_2, AES128-SHA256=error in SSLv3/TLS
tls1_2, AES256-CCM8=error in SSLv3/TLS
tls1_2, AES256-SHA=error in SSLv3/TLS
#tls1_2, AES256-SHA256=error in SSLv3/TLS
tls1_2, ARIA128-GCM-SHA256=error in SSLv3/TLS
tls1_2, ARIA256-GCM-SHA384=error in SSLv3/TLS
tls1_2, CAMELLIA128-SHA=error in SSLv3/TLS
tls1_2, CAMELLIA128-SHA256=error in SSLv3/TLS
tls1_2, CAMELLIA256-SHA=error in SSLv3/TLS
tls1_2, CAMELLIA256-SHA256=error in SSLv3/TLS
tls1_2, DES-CBC3-SHA=No ciphers enabled
tls1_2, DH-DSS-AES128-GCM-SHA256=No ciphers enabled
tls1_2, DH-DSS-AES128-SHA=No ciphers enabled
tls1_2, DH-DSS-AES128-SHA256=No ciphers enabled
tls1_2, DH-DSS-AES256-GCM-SHA384=No ciphers enabled
tls1_2, DH-DSS-AES256-SHA=No ciphers enabled
tls1_2, DH-DSS-AES256-SHA256=No ciphers enabled
tls1_2, DH-DSS-CAMELLIA128-SHA=No ciphers enabled
tls1_2, DH-DSS-CAMELLIA256-SHA=No ciphers enabled
tls1_2, DH-DSS-DES-CBC3-SHA=No ciphers enabled
tls1_2, DH-DSS-SEED-SHA=No ciphers enabled
tls1_2, DH-RSA-AES128-GCM-SHA256=No ciphers enabled
tls1_2, DH-RSA-AES128-SHA=No ciphers enabled
tls1_2, DH-RSA-AES128-SHA256=No ciphers enabled
tls1_2, DH-RSA-AES256-GCM-SHA384=No ciphers enabled
tls1_2, DH-RSA-AES256-SHA=No ciphers enabled
tls1_2, DH-RSA-AES256-SHA256=No ciphers enabled
tls1_2, DH-RSA-CAMELLIA128-SHA=No ciphers enabled
tls1_2, DH-RSA-CAMELLIA256-SHA=No ciphers enabled
tls1_2, DH-RSA-DES-CBC3-SHA=No ciphers enabled
tls1_2, DH-RSA-SEED-SHA=error in SSLv3/TLS
tls1_2, DHE-DSS-AES128-GCM-SHA256=error in SSLv3/TLS
tls1_2, DHE-DSS-AES128-SHA=error in SSLv3/TLS
tls1_2, DHE-DSS-AES128-SHA256=error in SSLv3/TLS
tls1_2, DHE-DSS-AES256-GCM-SHA384=error in SSLv3/TLS
tls1_2, DHE-DSS-AES256-SHA=error in SSLv3/TLS
tls1_2, DHE-DSS-AES256-SHA256=error in SSLv3/TLS
tls1_2, DHE-DSS-ARIA128-GCM-SHA256=error in SSLv3/TLS
tls1_2, DHE-DSS-ARIA256-GCM-SHA384=error in SSLv3/TLS
tls1_2, DHE-DSS-CAMELLIA128-SHA=error in SSLv3/TLS
tls1_2, DHE-DSS-CAMELLIA128-SHA256=error in SSLv3/TLS
tls1_2, DHE-DSS-CAMELLIA256-SHA=error in SSLv3/TLS
tls1_2, DHE-DSS-CAMELLIA256-SHA256=error in SSLv3/TLS
tls1_2, DHE-DSS-SEED-SHA=error in SSLv3/TLS
tls1_2, DHE-PSK-AES128-CBC-SHA=No ciphers enabled
tls1_2, DHE-PSK-AES128-CBC-SHA256=No ciphers enabled
tls1_2, DHE-PSK-AES128-CCM=No ciphers enabled
tls1_2, DHE-PSK-AES128-CCM8=No ciphers enabled
tls1_2, DHE-PSK-AES128-GCM-SHA256=No ciphers enabled
tls1_2, DHE-PSK-AES256-CBC-SHA=No ciphers enabled
tls1_2, DHE-PSK-AES256-CBC-SHA384=No ciphers enabled
tls1_2, DHE-PSK-AES256-CCM=No ciphers enabled
tls1_2, DHE-PSK-AES256-CCM8=No ciphers enabled
tls1_2, DHE-PSK-AES256-GCM-SHA384=No ciphers enabled
tls1_2, DHE-PSK-ARIA128-GCM-SHA256=No ciphers enabled
tls1_2, DHE-PSK-ARIA256-GCM-SHA384=No ciphers enabled
tls1_2, DHE-PSK-CAMELLIA128-SHA256=No ciphers enabled
tls1_2, DHE-PSK-CAMELLIA256-SHA384=No ciphers enabled
tls1_2, DHE-PSK-CHACHA20-POLY1305=No ciphers enabled
tls1_2, DHE-PSK-NULL-SHA=No ciphers enabled
tls1_2, DHE-PSK-NULL-SHA256=No ciphers enabled
tls1_2, DHE-PSK-NULL-SHA384=No ciphers enabled
tls1_2, DHE-RSA-AES128-CCM=error in SSLv3/TLS
tls1_2, DHE-RSA-AES128-CCM8=error in SSLv3/TLS
tls1_2, DHE-RSA-AES128-GCM-SHA256=error in SSLv3/TLS
tls1_2, DHE-RSA-AES128-SHA=error in SSLv3/TLS
tls1_2, DHE-RSA-AES128-SHA256=error in SSLv3/TLS
tls1_2, DHE-RSA-AES256-CCM8=error in SSLv3/TLS
tls1_2, DHE-RSA-AES256-SHA=error in SSLv3/TLS
#tls1_2, DHE-RSA-AES256-SHA256=error in SSLv3/TLS
tls1_2, DHE-RSA-ARIA128-GCM-SHA256=error in SSLv3/TLS
tls1_2, DHE-RSA-ARIA256-GCM-SHA384=error in SSLv3/TLS
tls1_2, DHE-RSA-CAMELLIA128-SHA=error in SSLv3/TLS
tls1_2, DHE-RSA-CAMELLIA128-SHA256=error in SSLv3/TLS
tls1_2, DHE-RSA-CAMELLIA256-SHA=error in SSLv3/TLS
tls1_2, DHE-RSA-CAMELLIA256-SHA256=error in SSLv3/TLS
tls1_2, DHE-RSA-CHACHA20-POLY1305=error in SSLv3/TLS
tls1_2, DHE-RSA-SEED-SHA=error in SSLv3/TLS
tls1_2, ECDH-ECDSA-AES128-GCM-SHA256=No ciphers enabled
tls1_2, ECDH-ECDSA-AES128-SHA=No ciphers enabled
tls1_2, ECDH-ECDSA-AES128-SHA256=No ciphers enabled
tls1_2, ECDH-ECDSA-AES256-GCM-SHA384=No ciphers enabled
tls1_2, ECDH-ECDSA-AES256-SHA=No ciphers enabled
tls1_2, ECDH-ECDSA-AES256-SHA384=error in SSLv3/TLS
tls1_2, ECDH-ECDSA-DES-CBC3-SHA=No ciphers enabled
tls1_2, ECDH-ECDSA-NULL-SHA=No ciphers enabled
tls1_2, ECDH-ECDSA-RC4-SHA=No ciphers enabled
tls1_2, ECDH-RSA-AES128-GCM-SHA256=No ciphers enabled
tls1_2, ECDH-RSA-AES128-SHA=No ciphers enabled
tls1_2, ECDH-RSA-AES128-SHA256=No ciphers enabled
tls1_2, ECDH-RSA-AES256-GCM-SHA384=No ciphers enabled
tls1_2, ECDH-RSA-AES256-SHA=No ciphers enabled
tls1_2, ECDH-RSA-AES256-SHA384=No ciphers enabled
tls1_2, ECDH-RSA-DES-CBC3-SHA=No ciphers enabled
tls1_2, ECDH-RSA-NULL-SHA=No ciphers enabled
tls1_2, ECDH-RSA-RC4-SHA=No ciphers enabled
tls1_2, ECDHE-ARIA128-GCM-SHA256=error in SSLv3/TLS
tls1_2, ECDHE-ARIA256-GCM-SHA384=error in SSLv3/TLS
tls1_2, ECDHE-ECDSA-AES128-CCM=error in SSLv3/TLS
tls1_2, ECDHE-ECDSA-AES128-CCM8=error in SSLv3/TLS
tls1_2, ECDHE-ECDSA-AES128-GCM-SHA256=error in SSLv3/TLS
tls1_2, ECDHE-ECDSA-AES128-SHA=error in SSLv3/TLS
tls1_2, ECDHE-ECDSA-AES128-SHA256=error in SSLv3/TLS
tls1_2, ECDHE-ECDSA-AES256-CCM8=error in SSLv3/TLS
#tls1_2, ECDHE-ECDSA-AES256-GCM-SHA384=error in SSLv3/TLS
tls1_2, ECDHE-ECDSA-AES256-SHA=error in SSLv3/TLS
tls1_2, ECDHE-ECDSA-AES256-SHA384=error in SSLv3/TLS
tls1_2, ECDHE-ECDSA-ARIA128-GCM-SHA256=error in SSLv3/TLS
tls1_2, ECDHE-ECDSA-ARIA256-GCM-SHA384=error in SSLv3/TLS
tls1_2, ECDHE-ECDSA-CAMELLIA128-SHA256=error in SSLv3/TLS
#tls1_2, ECDHE-ECDSA-CAMELLIA256-SHA384=error in SSLv3/TLS
tls1_2, ECDHE-ECDSA-CHACHA20-POLY1305=error in SSLv3/TLS
tls1_2, ECDHE-ECDSA-DES-CBC3-SHA=No ciphers enabled
tls1_2, ECDHE-ECDSA-NULL-SHA=No ciphers enabled
tls1_2, ECDHE-ECDSA-RC4-SHA=No ciphers enabled
tls1_2, ECDHE-PSK-AES128-CBC-SHA=No ciphers enabled
tls1_2, ECDHE-PSK-AES128-CBC-SHA256=No ciphers enabled
tls1_2, ECDHE-PSK-AES256-CBC-SHA=No ciphers enabled
tls1_2, ECDHE-PSK-AES256-CBC-SHA384=No ciphers enabled
tls1_2, ECDHE-PSK-CAMELLIA128-SHA256=No ciphers enabled
tls1_2, ECDHE-PSK-CAMELLIA256-SHA384=No ciphers enabled
tls1_2, ECDHE-PSK-CHACHA20-POLY1305=No ciphers enabled
tls1_2, ECDHE-PSK-NULL-SHA=No ciphers enabled
tls1_2, ECDHE-PSK-NULL-SHA256=No ciphers enabled
tls1_2, ECDHE-PSK-NULL-SHA384=No ciphers enabled
tls1_2, ECDHE-RSA-AES128-GCM-SHA256=error in SSLv3/TLS
tls1_2, ECDHE-RSA-AES128-SHA=error in SSLv3/TLS
tls1_2, ECDHE-RSA-AES128-SHA256=error in SSLv3/TLS
tls1_2, ECDHE-RSA-AES256-SHA=error in SSLv3/TLS
#tls1_2, ECDHE-RSA-AES256-SHA384=error in SSLv3/TLS
tls1_2, ECDHE-RSA-CAMELLIA128-SHA256=error in SSLv3/TLS
#tls1_2, ECDHE-RSA-CAMELLIA256-SHA384=error in SSLv3/TLS
tls1_2, ECDHE-RSA-DES-CBC3-SHA=No ciphers enabled
tls1_2, ECDHE-RSA-NULL-SHA=No ciphers enabled
tls1_2, ECDHE-RSA-RC4-SHA=No ciphers enabled
tls1_2, EDH-DSS-DES-CBC3-SHA=No ciphers enabled
tls1_2, EDH-RSA-DES-CBC3-SHA=No ciphers enabled
tls1_2, NULL-MD5=No ciphers enabled
tls1_2, NULL-SHA=No ciphers enabled
tls1_2, NULL-SHA256=No ciphers enabled
tls1_2, PSK-3DES-EDE-CBC-SHA=No ciphers enabled
tls1_2, PSK-AES128-CBC-SHA=No ciphers enabled
tls1_2, PSK-AES128-CBC-SHA256=No ciphers enabled
tls1_2, PSK-AES128-CBC-SHA384=No ciphers enabled
tls1_2, PSK-AES128-CCM=No ciphers enabled
tls1_2, PSK-AES128-CCM8=No ciphers enabled
tls1_2, PSK-AES128-GCM-SHA256=No ciphers enabled
tls1_2, PSK-AES256-CBC-SHA=No ciphers enabled
tls1_2, PSK-AES256-CBC-SHA384=No ciphers enabled
tls1_2, PSK-AES256-CCM=No ciphers enabled
tls1_2, PSK-AES256-CCM8=No ciphers enabled
tls1_2, PSK-AES256-GCM-SHA384=No ciphers enabled
tls1_2, PSK-ARIA128-GCM-SHA256=No ciphers enabled
tls1_2, PSK-ARIA256-GCM-SHA384=No ciphers enabled
tls1_2, PSK-CAMELLIA128-SHA256=No ciphers enabled
tls1_2, PSK-CAMELLIA128-SHA384=No ciphers enabled
tls1_2, PSK-CAMELLIA256-SHA384=No ciphers enabled
tls1_2, PSK-CAMELLIA384-SHA384=No ciphers enabled
tls1_2, PSK-CHACHA20-POLY1305=No ciphers enabled
tls1_2, PSK-NULL-SHA=No ciphers enabled
tls1_2, PSK-NULL-SHA256=No ciphers enabled
tls1_2, PSK-NULL-SHA384=No ciphers enabled
tls1_2, PSK-RC4-SHA=No ciphers enabled
tls1_2, RC4-MD5=No ciphers enabled
tls1_2, RC4-SHA=No ciphers enabled
tls1_2, RSA-PSK-AES128-CBC-SHA=No ciphers enabled
tls1_2, RSA-PSK-AES128-CBC-SHA256=No ciphers enabled
tls1_2, RSA-PSK-AES128-GCM-SHA256=No ciphers enabled
tls1_2, RSA-PSK-AES256-CBC-SHA=No ciphers enabled
tls1_2, RSA-PSK-AES256-CBC-SHA384=No ciphers enabled
tls1_2, RSA-PSK-AES256-GCM-SHA384=No ciphers enabled
tls1_2, RSA-PSK-ARIA128-GCM-SHA256=No ciphers enabled
tls1_2, RSA-PSK-ARIA256-GCM-SHA384=No ciphers enabled
tls1_2, RSA-PSK-CAMELLIA128-SHA256=No ciphers enabled
tls1_2, RSA-PSK-CAMELLIA256-SHA384=No ciphers enabled
tls1_2, RSA-PSK-CHACHA20-POLY1305=No ciphers enabled
tls1_2, RSA-PSK-NULL-SHA=No ciphers enabled
tls1_2, RSA-PSK-NULL-SHA256=No ciphers enabled
tls1_2, RSA-PSK-NULL-SHA384=No ciphers enabled
tls1_2, SEED-SHA=error in SSLv3/TLS
tls1_2, SRP-3DES-EDE-CBC-SHA=No ciphers enabled
tls1_2, SRP-AES-128-CBC-SHA=No ciphers enabled
tls1_2, SRP-AES-256-CBC-SHA=No ciphers enabled
tls1_2, SRP-DSS-3DES-EDE-CBC-SHA=No ciphers enabled
tls1_2, SRP-DSS-AES-128-CBC-SHA=No ciphers enabled
tls1_2, SRP-DSS-AES-256-CBC-SHA=No ciphers enabled
tls1_2, SRP-RSA-3DES-EDE-CBC-SHA=No ciphers enabled
tls1_2, SRP-RSA-AES-128-CBC-SHA=No ciphers enabled
tls1_2, SRP-RSA-AES-256-CBC-SHA=No ciphers enabled
tls1_2, TLS_AES_128_GCM_SHA256=No ciphers enabled
tls1_2, TLS_AES_256_GCM_SHA384=No ciphers enabled
tls1_2, TLS_CHACHA20_POLY1305_SHA256=No ciphers enabled
﻿tls1_3, ADH-AES128-GCM-SHA256=No ciphers enabled
tls1_3, ADH-AES128-SHA=No ciphers enabled
tls1_3, ADH-AES128-SHA256=No ciphers enabled
tls1_3, ADH-AES256-GCM-SHA384=No ciphers enabled
tls1_3, ADH-AES256-SHA=No ciphers enabled
tls1_3, ADH-AES256-SHA256=No ciphers enabled
tls1_3, ADH-CAMELLIA128-SHA=No ciphers enabled
tls1_3, ADH-CAMELLIA128-SHA256=No ciphers enabled
tls1_3, ADH-CAMELLIA256-SHA=No ciphers enabled
tls1_3, ADH-CAMELLIA256-SHA256=No ciphers enabled
tls1_3, ADH-DES-CBC3-SHA=No ciphers enabled
tls1_3, ADH-RC4-MD5=No ciphers enabled
tls1_3, ADH-SEED-SHA=No ciphers enabled
tls1_3, AECDH-AES128-SHA=No ciphers enabled
tls1_3, AECDH-AES256-SHA=No ciphers enabled
tls1_3, AECDH-DES-CBC3-SHA=No ciphers enabled
tls1_3, AECDH-NULL-SHA=No ciphers enabled
tls1_3, AECDH-RC4-SHA=No ciphers enabled
tls1_3, AES128-CCM=error in SSLv3/TLS
tls1_3, AES128-CCM8=error in SSLv3/TLS
tls1_3, AES128-GCM-SHA256=error in SSLv3/TLS
tls1_3, AES128-SHA=error in SSLv3/TLS
tls1_3, AES128-SHA256=error in SSLv3/TLS
tls1_3, AES256-CCM8=error in SSLv3/TLS
tls1_3, AES256-SHA=error in SSLv3/TLS
#tls1_3, AES256-SHA256=error in SSLv3/TLS
tls1_3, ARIA128-GCM-SHA256=error in SSLv3/TLS
tls1_3, ARIA256-GCM-SHA384=error in SSLv3/TLS
tls1_3, CAMELLIA128-SHA=error in SSLv3/TLS
tls1_3, CAMELLIA128-SHA256=error in SSLv3/TLS
tls1_3, CAMELLIA256-SHA=error in SSLv3/TLS
tls1_3, CAMELLIA256-SHA256=error in SSLv3/TLS
tls1_3, DES-CBC3-SHA=No ciphers enabled
tls1_3, DH-DSS-AES128-GCM-SHA256=No ciphers enabled
tls1_3, DH-DSS-AES128-SHA=No ciphers enabled
tls1_3, DH-DSS-AES128-SHA256=No ciphers enabled
tls1_3, DH-DSS-AES256-GCM-SHA384=No ciphers enabled
tls1_3, DH-DSS-AES256-SHA=No ciphers enabled
tls1_3, DH-DSS-AES256-SHA256=No ciphers enabled
tls1_3, DH-DSS-CAMELLIA128-SHA=No ciphers enabled
tls1_3, DH-DSS-CAMELLIA256-SHA=No ciphers enabled
tls1_3, DH-DSS-DES-CBC3-SHA=No ciphers enabled
tls1_3, DH-DSS-SEED-SHA=No ciphers enabled
tls1_3, DH-RSA-AES128-GCM-SHA256=No ciphers enabled
tls1_3, DH-RSA-AES128-SHA=No ciphers enabled
tls1_3, DH-RSA-AES128-SHA256=No ciphers enabled
tls1_3, DH-RSA-AES256-GCM-SHA384=No ciphers enabled
tls1_3, DH-RSA-AES256-SHA=No ciphers enabled
tls1_3, DH-RSA-AES256-SHA256=No ciphers enabled
tls1_3, DH-RSA-CAMELLIA128-SHA=No ciphers enabled
tls1_3, DH-RSA-CAMELLIA256-SHA=No ciphers enabled
tls1_3, DH-RSA-DES-CBC3-SHA=No ciphers enabled
tls1_3, DH-RSA-SEED-SHA=error in SSLv3/TLS
tls1_3, DHE-DSS-AES128-GCM-SHA256=error in SSLv3/TLS
tls1_3, DHE-DSS-AES128-SHA=error in SSLv3/TLS
tls1_3, DHE-DSS-AES128-SHA256=error in SSLv3/TLS
tls1_3, DHE-DSS-AES256-GCM-SHA384=error in SSLv3/TLS
tls1_3, DHE-DSS-AES256-SHA=error in SSLv3/TLS
tls1_3, DHE-DSS-AES256-SHA256=error in SSLv3/TLS
tls1_3, DHE-DSS-ARIA128-GCM-SHA256=error in SSLv3/TLS
tls1_3, DHE-DSS-ARIA256-GCM-SHA384=error in SSLv3/TLS
tls1_3, DHE-DSS-CAMELLIA128-SHA=error in SSLv3/TLS
tls1_3, DHE-DSS-CAMELLIA128-SHA256=error in SSLv3/TLS
tls1_3, DHE-DSS-CAMELLIA256-SHA=error in SSLv3/TLS
tls1_3, DHE-DSS-CAMELLIA256-SHA256=error in SSLv3/TLS
tls1_3, DHE-DSS-SEED-SHA=error in SSLv3/TLS
tls1_3, DHE-PSK-AES128-CBC-SHA=No ciphers enabled
tls1_3, DHE-PSK-AES128-CBC-SHA256=No ciphers enabled
tls1_3, DHE-PSK-AES128-CCM=No ciphers enabled
tls1_3, DHE-PSK-AES128-CCM8=No ciphers enabled
tls1_3, DHE-PSK-AES128-GCM-SHA256=No ciphers enabled
tls1_3, DHE-PSK-AES256-CBC-SHA=No ciphers enabled
tls1_3, DHE-PSK-AES256-CBC-SHA384=No ciphers enabled
tls1_3, DHE-PSK-AES256-CCM=No ciphers enabled
tls1_3, DHE-PSK-AES256-CCM8=No ciphers enabled
tls1_3, DHE-PSK-AES256-GCM-SHA384=No ciphers enabled
tls1_3, DHE-PSK-ARIA128-GCM-SHA256=No ciphers enabled
tls1_3, DHE-PSK-ARIA256-GCM-SHA384=No ciphers enabled
tls1_3, DHE-PSK-CAMELLIA128-SHA256=No ciphers enabled
tls1_3, DHE-PSK-CAMELLIA256-SHA384=No ciphers enabled
tls1_3, DHE-PSK-CHACHA20-POLY1305=No ciphers enabled
tls1_3, DHE-PSK-NULL-SHA=No ciphers enabled
tls1_3, DHE-PSK-NULL-SHA256=No ciphers enabled
tls1_3, DHE-PSK-NULL-SHA384=No ciphers enabled
tls1_3, DHE-RSA-AES128-CCM=error in SSLv3/TLS
tls1_3, DHE-RSA-AES128-CCM8=error in SSLv3/TLS
tls1_3, DHE-RSA-AES128-GCM-SHA256=error in SSLv3/TLS
tls1_3, DHE-RSA-AES128-SHA=error in SSLv3/TLS
tls1_3, DHE-RSA-AES128-SHA256=error in SSLv3/TLS
tls1_3, DHE-RSA-AES256-CCM8=error in SSLv3/TLS
tls1_3, DHE-RSA-AES256-SHA=error in SSLv3/TLS
#tls1_3, DHE-RSA-AES256-SHA256=error in SSLv3/TLS
tls1_3, DHE-RSA-ARIA128-GCM-SHA256=error in SSLv3/TLS
tls1_3, DHE-RSA-ARIA256-GCM-SHA384=error in SSLv3/TLS
tls1_3, DHE-RSA-CAMELLIA128-SHA=error in SSLv3/TLS
tls1_3, DHE-RSA-CAMELLIA128-SHA256=error in SSLv3/TLS
tls1_3, DHE-RSA-CAMELLIA256-SHA=error in SSLv3/TLS
tls1_3, DHE-RSA-CAMELLIA256-SHA256=error in SSLv3/TLS
tls1_3, DHE-RSA-CHACHA20-POLY1305=error in SSLv3/TLS
tls1_3, DHE-RSA-SEED-SHA=error in SSLv3/TLS
tls1_3, ECDH-ECDSA-AES128-GCM-SHA256=No ciphers enabled
tls1_3, ECDH-ECDSA-AES128-SHA=No ciphers enabled
tls1_3, ECDH-ECDSA-AES128-SHA256=No ciphers enabled
tls1_3, ECDH-ECDSA-AES256-GCM-SHA384=No ciphers enabled
tls1_3, ECDH-ECDSA-AES256-SHA=No ciphers enabled
tls1_3, ECDH-ECDSA-AES256-SHA384=error in SSLv3/TLS
tls1_3, ECDH-ECDSA-DES-CBC3-SHA=No ciphers enabled
tls1_3, ECDH-ECDSA-NULL-SHA=No ciphers enabled
tls1_3, ECDH-ECDSA-RC4-SHA=No ciphers enabled
tls1_3, ECDH-RSA-AES128-GCM-SHA256=No ciphers enabled
tls1_3, ECDH-RSA-AES128-SHA=No ciphers enabled
tls1_3, ECDH-RSA-AES128-SHA256=No ciphers enabled
tls1_3, ECDH-RSA-AES256-GCM-SHA384=No ciphers enabled
tls1_3, ECDH-RSA-AES256-SHA=No ciphers enabled
tls1_3, ECDH-RSA-AES256-SHA384=No ciphers enabled
tls1_3, ECDH-RSA-DES-CBC3-SHA=No ciphers enabled
tls1_3, ECDH-RSA-NULL-SHA=No ciphers enabled
tls1_3, ECDH-RSA-RC4-SHA=No ciphers enabled
tls1_3, ECDHE-ARIA128-GCM-SHA256=error in SSLv3/TLS
tls1_3, ECDHE-ARIA256-GCM-SHA384=error in SSLv3/TLS
tls1_3, ECDHE-ECDSA-AES128-CCM=error in SSLv3/TLS
tls1_3, ECDHE-ECDSA-AES128-CCM8=error in SSLv3/TLS
tls1_3, ECDHE-ECDSA-AES128-GCM-SHA256=error in SSLv3/TLS
tls1_3, ECDHE-ECDSA-AES128-SHA=error in SSLv3/TLS
tls1_3, ECDHE-ECDSA-AES128-SHA256=error in SSLv3/TLS
tls1_3, ECDHE-ECDSA-AES256-CCM8=error in SSLv3/TLS
#tls1_3, ECDHE-ECDSA-AES256-GCM-SHA384=error in SSLv3/TLS
tls1_3, ECDHE-ECDSA-AES256-SHA=error in SSLv3/TLS
tls1_3, ECDHE-ECDSA-AES256-SHA384=error in SSLv3/TLS
tls1_3, ECDHE-ECDSA-ARIA128-GCM-SHA256=error in SSLv3/TLS
tls1_3, ECDHE-ECDSA-ARIA256-GCM-SHA384=error in SSLv3/TLS
tls1_3, ECDHE-ECDSA-CAMELLIA128-SHA256=error in SSLv3/TLS
#tls1_3, ECDHE-ECDSA-CAMELLIA256-SHA384=error in SSLv3/TLS
tls1_3, ECDHE-ECDSA-CHACHA20-POLY1305=error in SSLv3/TLS
tls1_3, ECDHE-ECDSA-DES-CBC3-SHA=No ciphers enabled
tls1_3, ECDHE-ECDSA-NULL-SHA=No ciphers enabled
tls1_3, ECDHE-ECDSA-RC4-SHA=No ciphers enabled
tls1_3, ECDHE-PSK-AES128-CBC-SHA=No ciphers enabled
tls1_3, ECDHE-PSK-AES128-CBC-SHA256=No ciphers enabled
tls1_3, ECDHE-PSK-AES256-CBC-SHA=No ciphers enabled
tls1_3, ECDHE-PSK-AES256-CBC-SHA384=No ciphers enabled
tls1_3, ECDHE-PSK-CAMELLIA128-SHA256=No ciphers enabled
tls1_3, ECDHE-PSK-CAMELLIA256-SHA384=No ciphers enabled
tls1_3, ECDHE-PSK-CHACHA20-POLY1305=No ciphers enabled
tls1_3, ECDHE-PSK-NULL-SHA=No ciphers enabled
tls1_3, ECDHE-PSK-NULL-SHA256=No ciphers enabled
tls1_3, ECDHE-PSK-NULL-SHA384=No ciphers enabled
tls1_3, ECDHE-RSA-AES128-GCM-SHA256=error in SSLv3/TLS
tls1_3, ECDHE-RSA-AES128-SHA=error in SSLv3/TLS
tls1_3, ECDHE-RSA-AES128-SHA256=error in SSLv3/TLS
tls1_3, ECDHE-RSA-AES256-SHA=error in SSLv3/TLS
#tls1_3, ECDHE-RSA-AES256-SHA384=error in SSLv3/TLS
tls1_3, ECDHE-RSA-CAMELLIA128-SHA256=error in SSLv3/TLS
#tls1_3, ECDHE-RSA-CAMELLIA256-SHA384=error in SSLv3/TLS
tls1_3, ECDHE-RSA-DES-CBC3-SHA=No ciphers enabled
tls1_3, ECDHE-RSA-NULL-SHA=No ciphers enabled
tls1_3, ECDHE-RSA-RC4-SHA=No ciphers enabled
tls1_3, EDH-DSS-DES-CBC3-SHA=No ciphers enabled
tls1_3, EDH-RSA-DES-CBC3-SHA=No ciphers enabled
tls1_3, NULL-MD5=No ciphers enabled
tls1_3, NULL-SHA=No ciphers enabled
tls1_3, NULL-SHA256=No ciphers enabled
tls1_3, PSK-3DES-EDE-CBC-SHA=No ciphers enabled
tls1_3, PSK-AES128-CBC-SHA=No ciphers enabled
tls1_3, PSK-AES128-CBC-SHA256=No ciphers enabled
tls1_3, PSK-AES128-CBC-SHA384=No ciphers enabled
tls1_3, PSK-AES128-CCM=No ciphers enabled
tls1_3, PSK-AES128-CCM8=No ciphers enabled
tls1_3, PSK-AES128-GCM-SHA256=No ciphers enabled
tls1_3, PSK-AES256-CBC-SHA=No ciphers enabled
tls1_3, PSK-AES256-CBC-SHA384=No ciphers enabled
tls1_3, PSK-AES256-CCM=No ciphers enabled
tls1_3, PSK-AES256-CCM8=No ciphers enabled
tls1_3, PSK-AES256-GCM-SHA384=No ciphers enabled
tls1_3, PSK-ARIA128-GCM-SHA256=No ciphers enabled
tls1_3, PSK-ARIA256-GCM-SHA384=No ciphers enabled
tls1_3, PSK-CAMELLIA128-SHA256=No ciphers enabled
tls1_3, PSK-CAMELLIA128-SHA384=No ciphers enabled
tls1_3, PSK-CAMELLIA256-SHA384=No ciphers enabled
tls1_3, PSK-CAMELLIA384-SHA384=No ciphers enabled
tls1_3, PSK-CHACHA20-POLY1305=No ciphers enabled
tls1_3, PSK-NULL-SHA=No ciphers enabled
tls1_3, PSK-NULL-SHA256=No ciphers enabled
tls1_3, PSK-NULL-SHA384=No ciphers enabled
tls1_3, PSK-RC4-SHA=No ciphers enabled
tls1_3, RC4-MD5=No ciphers enabled
tls1_3, RC4-SHA=No ciphers enabled
tls1_3, RSA-PSK-AES128-CBC-SHA=No ciphers enabled
tls1_3, RSA-PSK-AES128-CBC-SHA256=No ciphers enabled
tls1_3, RSA-PSK-AES128-GCM-SHA256=No ciphers enabled
tls1_3, RSA-PSK-AES256-CBC-SHA=No ciphers enabled
tls1_3, RSA-PSK-AES256-CBC-SHA384=No ciphers enabled
tls1_3, RSA-PSK-AES256-GCM-SHA384=No ciphers enabled
tls1_3, RSA-PSK-ARIA128-GCM-SHA256=No ciphers enabled
tls1_3, RSA-PSK-ARIA256-GCM-SHA384=No ciphers enabled
tls1_3, RSA-PSK-CAMELLIA128-SHA256=No ciphers enabled
tls1_3, RSA-PSK-CAMELLIA256-SHA384=No ciphers enabled
tls1_3, RSA-PSK-CHACHA20-POLY1305=No ciphers enabled
tls1_3, RSA-PSK-NULL-SHA=No ciphers enabled
tls1_3, RSA-PSK-NULL-SHA256=No ciphers enabled
tls1_3, RSA-PSK-NULL-SHA384=No ciphers enabled
tls1_3, SEED-SHA=error in SSLv3/TLS
tls1_3, SRP-3DES-EDE-CBC-SHA=No ciphers enabled
tls1_3, SRP-AES-128-CBC-SHA=No ciphers enabled
tls1_3, SRP-AES-256-CBC-SHA=No ciphers enabled
tls1_3, SRP-DSS-3DES-EDE-CBC-SHA=No ciphers enabled
tls1_3, SRP-DSS-AES-128-CBC-SHA=No ciphers enabled
tls1_3, SRP-DSS-AES-256-CBC-SHA=No ciphers enabled
tls1_3, SRP-RSA-3DES-EDE-CBC-SHA=No ciphers enabled
tls1_3, SRP-RSA-AES-128-CBC-SHA=No ciphers enabled
tls1_3, SRP-RSA-AES-256-CBC-SHA=No ciphers enabled
tls1_3, TLS_AES_128_GCM_SHA256=No ciphers enabled
tls1_3, TLS_AES_256_GCM_SHA384=No ciphers enabled
tls1_3, TLS_CHACHA20_POLY1305_SHA256=No ciphers enabled
